mode: atomic
github.com/Neon-Dolls/dollcards/pkg/dollcard/api.go:18.42,19.41 1 7
github.com/Neon-Dolls/dollcards/pkg/dollcard/api.go:19.41,21.3 1 1
github.com/Neon-Dolls/dollcards/pkg/dollcard/api.go:22.2,22.60 1 6
github.com/Neon-Dolls/dollcards/pkg/dollcard/api.go:22.60,24.17 2 4
github.com/Neon-Dolls/dollcards/pkg/dollcard/api.go:24.17,26.4 1 1
github.com/Neon-Dolls/dollcards/pkg/dollcard/api.go:27.3,27.25 1 3
github.com/Neon-Dolls/dollcards/pkg/dollcard/api.go:29.2,30.16 2 2
github.com/Neon-Dolls/dollcards/pkg/dollcard/api.go:30.16,32.3 1 1
github.com/Neon-Dolls/dollcards/pkg/dollcard/api.go:33.2,33.24 1 1
github.com/Neon-Dolls/dollcards/pkg/dollcard/api.go:38.46,40.23 2 1
github.com/Neon-Dolls/dollcards/pkg/dollcard/api.go:40.23,42.18 2 2
github.com/Neon-Dolls/dollcards/pkg/dollcard/api.go:42.18,44.4 1 1
github.com/Neon-Dolls/dollcards/pkg/dollcard/api.go:45.3,45.57 1 2
github.com/Neon-Dolls/dollcards/pkg/dollcard/api.go:47.2,47.12 1 1
github.com/Neon-Dolls/dollcards/pkg/dollcard/archive.go:27.62,29.16 2 9
github.com/Neon-Dolls/dollcards/pkg/dollcard/archive.go:29.16,31.3 1 2
github.com/Neon-Dolls/dollcards/pkg/dollcard/archive.go:32.2,33.35 2 7
github.com/Neon-Dolls/dollcards/pkg/dollcard/archive.go:37.64,39.28 2 7
github.com/Neon-Dolls/dollcards/pkg/dollcard/archive.go:39.28,40.27 1 22
github.com/Neon-Dolls/dollcards/pkg/dollcard/archive.go:40.27,41.12 1 0
github.com/Neon-Dolls/dollcards/pkg/dollcard/archive.go:44.3,45.18 2 22
github.com/Neon-Dolls/dollcards/pkg/dollcard/archive.go:45.18,47.4 1 1
github.com/Neon-Dolls/dollcards/pkg/dollcard/archive.go:48.3,49.18 2 21
github.com/Neon-Dolls/dollcards/pkg/dollcard/archive.go:49.18,51.4 1 0
github.com/Neon-Dolls/dollcards/pkg/dollcard/archive.go:52.3,54.18 3 21
github.com/Neon-Dolls/dollcards/pkg/dollcard/archive.go:54.18,56.4 1 0
github.com/Neon-Dolls/dollcards/pkg/dollcard/archive.go:57.3,57.21 1 21
github.com/Neon-Dolls/dollcards/pkg/dollcard/archive.go:59.2,59.19 1 6
github.com/Neon-Dolls/dollcards/pkg/dollcard/archive.go:65.66,73.26 5 7
github.com/Neon-Dolls/dollcards/pkg/dollcard/archive.go:73.26,76.3 2 25
github.com/Neon-Dolls/dollcards/pkg/dollcard/archive.go:77.2,79.29 2 7
github.com/Neon-Dolls/dollcards/pkg/dollcard/archive.go:79.29,81.18 2 25
github.com/Neon-Dolls/dollcards/pkg/dollcard/archive.go:81.18,83.4 1 0
github.com/Neon-Dolls/dollcards/pkg/dollcard/archive.go:84.3,84.51 1 25
github.com/Neon-Dolls/dollcards/pkg/dollcard/archive.go:84.51,86.4 1 0
github.com/Neon-Dolls/dollcards/pkg/dollcard/archive.go:88.2,88.35 1 7
github.com/Neon-Dolls/dollcards/pkg/dollcard/archive.go:88.35,90.3 1 0
github.com/Neon-Dolls/dollcards/pkg/dollcard/archive.go:92.2,92.65 1 7
github.com/Neon-Dolls/dollcards/pkg/dollcard/archive.go:92.65,94.3 1 2
github.com/Neon-Dolls/dollcards/pkg/dollcard/archive.go:95.2,95.12 1 5
github.com/Neon-Dolls/dollcards/pkg/dollcard/card.go:59.40,61.2 1 34
github.com/Neon-Dolls/dollcards/pkg/dollcard/card.go:65.55,67.50 2 28
github.com/Neon-Dolls/dollcards/pkg/dollcard/card.go:67.50,69.3 1 1
github.com/Neon-Dolls/dollcards/pkg/dollcard/card.go:70.2,71.21 2 27
github.com/Neon-Dolls/dollcards/pkg/dollcard/card.go:71.21,73.3 1 1
github.com/Neon-Dolls/dollcards/pkg/dollcard/card.go:74.2,74.28 1 27
github.com/Neon-Dolls/dollcards/pkg/dollcard/card.go:74.28,76.3 1 1
github.com/Neon-Dolls/dollcards/pkg/dollcard/card.go:77.2,77.15 1 27
github.com/Neon-Dolls/dollcards/pkg/dollcard/card.go:82.55,84.23 2 30
github.com/Neon-Dolls/dollcards/pkg/dollcard/card.go:84.23,86.3 1 2
github.com/Neon-Dolls/dollcards/pkg/dollcard/card.go:87.2,87.54 1 28
github.com/Neon-Dolls/dollcards/pkg/dollcard/card.go:87.54,89.3 1 0
github.com/Neon-Dolls/dollcards/pkg/dollcard/card.go:90.2,90.42 1 28
github.com/Neon-Dolls/dollcards/pkg/dollcard/card.go:90.42,92.3 1 4
github.com/Neon-Dolls/dollcards/pkg/dollcard/card.go:93.2,93.20 1 24
github.com/Neon-Dolls/dollcards/pkg/dollcard/create.go:32.50,33.21 1 7
github.com/Neon-Dolls/dollcards/pkg/dollcard/create.go:33.21,35.3 1 1
github.com/Neon-Dolls/dollcards/pkg/dollcard/create.go:36.2,37.30 2 6
github.com/Neon-Dolls/dollcards/pkg/dollcard/create.go:37.30,39.16 2 62
github.com/Neon-Dolls/dollcards/pkg/dollcard/create.go:39.16,41.4 1 56
github.com/Neon-Dolls/dollcards/pkg/dollcard/create.go:42.3,42.49 1 62
github.com/Neon-Dolls/dollcards/pkg/dollcard/create.go:42.49,44.4 1 1
github.com/Neon-Dolls/dollcards/pkg/dollcard/create.go:48.2,49.16 2 5
github.com/Neon-Dolls/dollcards/pkg/dollcard/create.go:49.16,51.3 1 0
github.com/Neon-Dolls/dollcards/pkg/dollcard/create.go:52.2,52.84 1 5
github.com/Neon-Dolls/dollcards/pkg/dollcard/create.go:52.84,54.3 1 1
github.com/Neon-Dolls/dollcards/pkg/dollcard/create.go:57.2,61.16 2 4
github.com/Neon-Dolls/dollcards/pkg/dollcard/create.go:61.16,63.3 1 0
github.com/Neon-Dolls/dollcards/pkg/dollcard/create.go:64.2,64.84 1 4
github.com/Neon-Dolls/dollcards/pkg/dollcard/create.go:64.84,66.3 1 1
github.com/Neon-Dolls/dollcards/pkg/dollcard/create.go:69.2,69.95 1 3
github.com/Neon-Dolls/dollcards/pkg/dollcard/create.go:69.95,71.3 1 1
github.com/Neon-Dolls/dollcards/pkg/dollcard/create.go:72.2,72.106 1 2
github.com/Neon-Dolls/dollcards/pkg/dollcard/create.go:72.106,74.3 1 1
github.com/Neon-Dolls/dollcards/pkg/dollcard/create.go:75.2,75.12 1 1
github.com/Neon-Dolls/dollcards/pkg/dollcard/create.go:80.26,87.22 7 1
github.com/Neon-Dolls/dollcards/pkg/dollcard/create.go:87.22,91.43 4 16
github.com/Neon-Dolls/dollcards/pkg/dollcard/create.go:91.43,93.4 1 4
github.com/Neon-Dolls/dollcards/pkg/dollcard/create.go:95.2,95.20 1 1
github.com/Neon-Dolls/dollcards/pkg/dollcard/operations.go:26.46,28.16 2 6
github.com/Neon-Dolls/dollcards/pkg/dollcard/operations.go:28.16,30.3 1 1
github.com/Neon-Dolls/dollcards/pkg/dollcard/operations.go:31.2,32.15 2 5
github.com/Neon-Dolls/dollcards/pkg/dollcard/operations.go:32.15,34.3 1 1
github.com/Neon-Dolls/dollcards/pkg/dollcard/operations.go:35.2,35.53 1 4
github.com/Neon-Dolls/dollcards/pkg/dollcard/operations.go:35.53,37.3 1 1
github.com/Neon-Dolls/dollcards/pkg/dollcard/operations.go:38.2,38.12 1 3
github.com/Neon-Dolls/dollcards/pkg/dollcard/operations.go:48.45,50.16 2 4
github.com/Neon-Dolls/dollcards/pkg/dollcard/operations.go:50.16,52.3 1 0
github.com/Neon-Dolls/dollcards/pkg/dollcard/operations.go:54.2,55.15 2 4
github.com/Neon-Dolls/dollcards/pkg/dollcard/operations.go:55.15,59.3 1 1
github.com/Neon-Dolls/dollcards/pkg/dollcard/operations.go:62.2,64.17 3 3
github.com/Neon-Dolls/dollcards/pkg/dollcard/operations.go:64.17,66.3 1 0
github.com/Neon-Dolls/dollcards/pkg/dollcard/operations.go:67.2,71.26 4 3
github.com/Neon-Dolls/dollcards/pkg/dollcard/operations.go:71.26,74.3 2 12
github.com/Neon-Dolls/dollcards/pkg/dollcard/operations.go:75.2,77.29 2 3
github.com/Neon-Dolls/dollcards/pkg/dollcard/operations.go:77.29,79.65 2 12
github.com/Neon-Dolls/dollcards/pkg/dollcard/operations.go:79.65,81.4 1 0
github.com/Neon-Dolls/dollcards/pkg/dollcard/operations.go:82.3,82.65 1 12
github.com/Neon-Dolls/dollcards/pkg/dollcard/operations.go:82.65,84.4 1 0
github.com/Neon-Dolls/dollcards/pkg/dollcard/operations.go:88.2,89.17 2 3
github.com/Neon-Dolls/dollcards/pkg/dollcard/operations.go:89.17,91.3 1 0
github.com/Neon-Dolls/dollcards/pkg/dollcard/operations.go:92.2,93.16 2 3
github.com/Neon-Dolls/dollcards/pkg/dollcard/operations.go:93.16,95.3 1 0
github.com/Neon-Dolls/dollcards/pkg/dollcard/operations.go:99.2,99.48 1 3
github.com/Neon-Dolls/dollcards/pkg/dollcard/operations.go:99.48,100.23 1 2
github.com/Neon-Dolls/dollcards/pkg/dollcard/operations.go:100.23,102.4 1 1
github.com/Neon-Dolls/dollcards/pkg/dollcard/operations.go:103.3,103.40 1 1
github.com/Neon-Dolls/dollcards/pkg/dollcard/operations.go:103.40,105.4 1 0
github.com/Neon-Dolls/dollcards/pkg/dollcard/operations.go:107.2,107.48 1 2
github.com/Neon-Dolls/dollcards/pkg/dollcard/operations.go:107.48,109.3 1 0
github.com/Neon-Dolls/dollcards/pkg/dollcard/operations.go:110.2,110.12 1 2
github.com/Neon-Dolls/dollcards/pkg/dollcard/operations.go:114.34,116.16 2 5
github.com/Neon-Dolls/dollcards/pkg/dollcard/operations.go:116.16,118.3 1 1
github.com/Neon-Dolls/dollcards/pkg/dollcard/operations.go:119.2,119.26 1 4
github.com/Neon-Dolls/dollcards/pkg/dollcard/paths.go:28.47,33.31 2 106
github.com/Neon-Dolls/dollcards/pkg/dollcard/paths.go:33.31,35.3 1 2
github.com/Neon-Dolls/dollcards/pkg/dollcard/paths.go:37.2,39.26 3 104
github.com/Neon-Dolls/dollcards/pkg/dollcard/paths.go:39.26,40.12 1 131
github.com/Neon-Dolls/dollcards/pkg/dollcard/paths.go:41.16,41.16 0 2
github.com/Neon-Dolls/dollcards/pkg/dollcard/paths.go:43.13,44.43 1 3
github.com/Neon-Dolls/dollcards/pkg/dollcard/paths.go:45.11,47.34 1 126
github.com/Neon-Dolls/dollcards/pkg/dollcard/paths.go:47.34,49.5 1 1
github.com/Neon-Dolls/dollcards/pkg/dollcard/paths.go:50.4,50.24 1 125
github.com/Neon-Dolls/dollcards/pkg/dollcard/paths.go:53.2,53.16 1 100
github.com/Neon-Dolls/dollcards/pkg/dollcard/paths.go:53.16,55.3 1 0
github.com/Neon-Dolls/dollcards/pkg/dollcard/paths.go:56.2,56.36 1 100
github.com/Neon-Dolls/dollcards/pkg/dollcard/paths.go:63.54,65.2 1 15
github.com/Neon-Dolls/dollcards/pkg/dollcard/paths.go:69.61,72.16 3 39
github.com/Neon-Dolls/dollcards/pkg/dollcard/paths.go:72.16,74.3 1 3
github.com/Neon-Dolls/dollcards/pkg/dollcard/paths.go:75.2,75.28 1 36
github.com/Neon-Dolls/dollcards/pkg/dollcard/paths.go:75.28,77.34 2 73
github.com/Neon-Dolls/dollcards/pkg/dollcard/paths.go:77.34,78.12 1 0
github.com/Neon-Dolls/dollcards/pkg/dollcard/paths.go:81.3,81.35 1 73
github.com/Neon-Dolls/dollcards/pkg/dollcard/paths.go:81.35,82.12 1 0
github.com/Neon-Dolls/dollcards/pkg/dollcard/paths.go:84.3,85.16 2 73
github.com/Neon-Dolls/dollcards/pkg/dollcard/paths.go:85.16,87.4 1 12
github.com/Neon-Dolls/dollcards/pkg/dollcard/paths.go:88.3,89.18 2 73
github.com/Neon-Dolls/dollcards/pkg/dollcard/paths.go:89.18,91.4 1 0
github.com/Neon-Dolls/dollcards/pkg/dollcard/paths.go:92.3,93.16 2 73
github.com/Neon-Dolls/dollcards/pkg/dollcard/paths.go:93.16,95.17 2 23
github.com/Neon-Dolls/dollcards/pkg/dollcard/paths.go:95.17,97.5 1 1
github.com/Neon-Dolls/dollcards/pkg/dollcard/paths.go:98.4,98.26 1 22
github.com/Neon-Dolls/dollcards/pkg/dollcard/paths.go:98.26,100.5 1 12
github.com/Neon-Dolls/dollcards/pkg/dollcard/paths.go:101.4,101.12 1 22
github.com/Neon-Dolls/dollcards/pkg/dollcard/paths.go:103.3,104.18 2 50
github.com/Neon-Dolls/dollcards/pkg/dollcard/paths.go:104.18,106.4 1 0
github.com/Neon-Dolls/dollcards/pkg/dollcard/paths.go:107.3,107.21 1 50
github.com/Neon-Dolls/dollcards/pkg/dollcard/paths.go:109.2,109.19 1 35
github.com/Neon-Dolls/dollcards/pkg/dollcard/validate.go:20.50,24.37 2 31
github.com/Neon-Dolls/dollcards/pkg/dollcard/validate.go:24.37,25.32 1 124
github.com/Neon-Dolls/dollcards/pkg/dollcard/validate.go:25.32,27.4 1 12
github.com/Neon-Dolls/dollcards/pkg/dollcard/validate.go:31.2,31.40 1 31
github.com/Neon-Dolls/dollcards/pkg/dollcard/validate.go:31.40,34.3 2 28
github.com/Neon-Dolls/dollcards/pkg/dollcard/validate.go:37.2,37.44 1 31
github.com/Neon-Dolls/dollcards/pkg/dollcard/validate.go:37.44,40.3 2 28
github.com/Neon-Dolls/dollcards/pkg/dollcard/validate.go:43.2,43.38 1 31
github.com/Neon-Dolls/dollcards/pkg/dollcard/validate.go:43.38,44.44 1 28
github.com/Neon-Dolls/dollcards/pkg/dollcard/validate.go:44.44,46.4 1 1
github.com/Neon-Dolls/dollcards/pkg/dollcard/validate.go:50.2,50.45 1 31
github.com/Neon-Dolls/dollcards/pkg/dollcard/validate.go:50.45,51.44 1 28
github.com/Neon-Dolls/dollcards/pkg/dollcard/validate.go:51.44,53.4 1 1
github.com/Neon-Dolls/dollcards/pkg/dollcard/validate.go:57.2,57.122 1 31
github.com/Neon-Dolls/dollcards/pkg/dollcard/validate.go:57.122,58.34 1 124
github.com/Neon-Dolls/dollcards/pkg/dollcard/validate.go:58.34,60.4 1 3
github.com/Neon-Dolls/dollcards/pkg/dollcard/validate.go:65.2,65.32 1 31
github.com/Neon-Dolls/dollcards/pkg/dollcard/validate.go:65.32,66.82 1 121
github.com/Neon-Dolls/dollcards/pkg/dollcard/validate.go:66.82,67.12 1 119
github.com/Neon-Dolls/dollcards/pkg/dollcard/validate.go:69.3,69.54 1 2
github.com/Neon-Dolls/dollcards/pkg/dollcard/validate.go:74.2,76.11 2 31
github.com/Neon-Dolls/dollcards/pkg/dollcard/validate.go:80.42,81.22 1 92
github.com/Neon-Dolls/dollcards/pkg/dollcard/validate.go:81.22,83.3 1 10
github.com/Neon-Dolls/dollcards/pkg/dollcard/validate.go:84.2,84.10 1 92
github.com/Neon-Dolls/dollcards/pkg/dollcard/validate.go:88.52,89.22 1 3
github.com/Neon-Dolls/dollcards/pkg/dollcard/validate.go:89.22,91.3 1 2
github.com/Neon-Dolls/dollcards/pkg/dollcard/validate.go:92.2,92.51 1 1
github.com/Neon-Dolls/dollcards/pkg/dollcard/validate.go:97.62,99.57 2 2
github.com/Neon-Dolls/dollcards/pkg/dollcard/validate.go:99.57,101.17 2 7
github.com/Neon-Dolls/dollcards/pkg/dollcard/validate.go:101.17,102.12 1 3
github.com/Neon-Dolls/dollcards/pkg/dollcard/validate.go:104.3,104.32 1 4
github.com/Neon-Dolls/dollcards/pkg/dollcard/validate.go:104.32,106.4 1 1
github.com/Neon-Dolls/dollcards/pkg/dollcard/validate.go:108.2,108.11 1 2
github.com/Neon-Dolls/dollcards/pkg/dollcard/validate.go:115.56,118.26 3 31
github.com/Neon-Dolls/dollcards/pkg/dollcard/validate.go:118.26,119.42 1 121
github.com/Neon-Dolls/dollcards/pkg/dollcard/validate.go:119.42,120.12 1 119
github.com/Neon-Dolls/dollcards/pkg/dollcard/validate.go:122.3,123.43 2 2
github.com/Neon-Dolls/dollcards/pkg/dollcard/validate.go:123.43,125.4 1 2
github.com/Neon-Dolls/dollcards/pkg/dollcard/validate.go:127.2,127.26 1 31
github.com/Neon-Dolls/dollcards/pkg/dollcard/validate.go:127.26,128.53 1 2
github.com/Neon-Dolls/dollcards/pkg/dollcard/validate.go:128.53,130.4 1 1
github.com/Neon-Dolls/dollcards/pkg/dollcard/validate.go:132.2,132.11 1 31
